           0: datao = 8'h3E;
           1: datao = 8'h00;
           2: datao = 8'hD3;
           3: datao = 8'h03;
           4: datao = 8'h3E;
           5: datao = 8'hFD;
           6: datao = 8'hD3;
           7: datao = 8'h02;
           8: datao = 8'h3E;
           9: datao = 8'h04;
          10: datao = 8'hD3;
          11: datao = 8'h05;
          12: datao = 8'h3E;
          13: datao = 8'hFD;
          14: datao = 8'hD3;
          15: datao = 8'h04;
          16: datao = 8'h3E;
          17: datao = 8'h00;
          18: datao = 8'hD3;
          19: datao = 8'h00;
          20: datao = 8'h31;
          21: datao = 8'h00;
          22: datao = 8'h08;
          23: datao = 8'h3E;
          24: datao = 8'h10;
          25: datao = 8'hD3;
          26: datao = 8'h07;
          27: datao = 8'h3E;
          28: datao = 8'hFB;
          29: datao = 8'hD3;
          30: datao = 8'h06;
          31: datao = 8'h3E;
          32: datao = 8'h01;
          33: datao = 8'hD3;
          34: datao = 8'h15;
          35: datao = 8'h3E;
          36: datao = 8'h01;
          37: datao = 8'hD3;
          38: datao = 8'h12;
          39: datao = 8'h00;
          40: datao = 8'h00;
          41: datao = 8'h76;
          42: datao = 8'h00;
          43: datao = 8'h00;
          44: datao = 8'h00;
          45: datao = 8'h00;
          46: datao = 8'h00;
          47: datao = 8'h00;
          48: datao = 8'h00;
          49: datao = 8'h00;
          50: datao = 8'h00;
          51: datao = 8'h00;
          52: datao = 8'h00;
          53: datao = 8'h00;
          54: datao = 8'h00;
          55: datao = 8'h00;
          56: datao = 8'h00;
          57: datao = 8'h00;
          58: datao = 8'h00;
          59: datao = 8'h00;
          60: datao = 8'h00;
          61: datao = 8'h00;
          62: datao = 8'h00;
          63: datao = 8'h00;
          64: datao = 8'h00;
          65: datao = 8'h00;
          66: datao = 8'h00;
          67: datao = 8'h00;
          68: datao = 8'h00;
          69: datao = 8'h00;
          70: datao = 8'h00;
          71: datao = 8'h00;
          72: datao = 8'h00;
          73: datao = 8'h00;
          74: datao = 8'h00;
          75: datao = 8'h00;
          76: datao = 8'h00;
          77: datao = 8'h00;
          78: datao = 8'h00;
          79: datao = 8'h00;
          80: datao = 8'h00;
          81: datao = 8'h00;
          82: datao = 8'h00;
          83: datao = 8'h00;
          84: datao = 8'h00;
          85: datao = 8'h00;
          86: datao = 8'h00;
          87: datao = 8'h00;
          88: datao = 8'h00;
          89: datao = 8'h00;
          90: datao = 8'h00;
          91: datao = 8'h00;
          92: datao = 8'h00;
          93: datao = 8'h00;
          94: datao = 8'h00;
          95: datao = 8'h00;
          96: datao = 8'h00;
          97: datao = 8'h00;
          98: datao = 8'h00;
          99: datao = 8'h00;
         100: datao = 8'h00;
         101: datao = 8'h00;
         102: datao = 8'h00;
         103: datao = 8'h00;
         104: datao = 8'h00;
         105: datao = 8'h00;
         106: datao = 8'h00;
         107: datao = 8'h00;
         108: datao = 8'h00;
         109: datao = 8'h00;
         110: datao = 8'h00;
         111: datao = 8'h00;
         112: datao = 8'h00;
         113: datao = 8'h00;
         114: datao = 8'h00;
         115: datao = 8'h00;
         116: datao = 8'h00;
         117: datao = 8'h00;
         118: datao = 8'h00;
         119: datao = 8'h00;
         120: datao = 8'h00;
         121: datao = 8'h00;
         122: datao = 8'h00;
         123: datao = 8'h00;
         124: datao = 8'h00;
         125: datao = 8'h00;
         126: datao = 8'h00;
         127: datao = 8'h00;
         128: datao = 8'h00;
         129: datao = 8'h00;
         130: datao = 8'h00;
         131: datao = 8'h00;
         132: datao = 8'h00;
         133: datao = 8'h00;
         134: datao = 8'h00;
         135: datao = 8'h00;
         136: datao = 8'h00;
         137: datao = 8'h00;
         138: datao = 8'h00;
         139: datao = 8'h00;
         140: datao = 8'h00;
         141: datao = 8'h00;
         142: datao = 8'h00;
         143: datao = 8'h00;
         144: datao = 8'h00;
         145: datao = 8'h00;
         146: datao = 8'h00;
         147: datao = 8'h00;
         148: datao = 8'h00;
         149: datao = 8'h00;
         150: datao = 8'h00;
         151: datao = 8'h00;
         152: datao = 8'h00;
         153: datao = 8'h00;
         154: datao = 8'h00;
         155: datao = 8'h00;
         156: datao = 8'h00;
         157: datao = 8'h00;
         158: datao = 8'h00;
         159: datao = 8'h00;
         160: datao = 8'h00;
         161: datao = 8'h00;
         162: datao = 8'h00;
         163: datao = 8'h00;
         164: datao = 8'h00;
         165: datao = 8'h00;
         166: datao = 8'h00;
         167: datao = 8'h00;
         168: datao = 8'h00;
         169: datao = 8'h00;
         170: datao = 8'h00;
         171: datao = 8'h00;
         172: datao = 8'h00;
         173: datao = 8'h00;
         174: datao = 8'h00;
         175: datao = 8'h00;
         176: datao = 8'h00;
         177: datao = 8'h00;
         178: datao = 8'h00;
         179: datao = 8'h00;
         180: datao = 8'h00;
         181: datao = 8'h00;
         182: datao = 8'h00;
         183: datao = 8'h00;
         184: datao = 8'h00;
         185: datao = 8'h00;
         186: datao = 8'h00;
         187: datao = 8'h00;
         188: datao = 8'h00;
         189: datao = 8'h00;
         190: datao = 8'h00;
         191: datao = 8'h00;
         192: datao = 8'h00;
         193: datao = 8'h00;
         194: datao = 8'h00;
         195: datao = 8'h00;
         196: datao = 8'h00;
         197: datao = 8'h00;
         198: datao = 8'h00;
         199: datao = 8'h00;
         200: datao = 8'h00;
         201: datao = 8'h00;
         202: datao = 8'h00;
         203: datao = 8'h00;
         204: datao = 8'h00;
         205: datao = 8'h00;
         206: datao = 8'h00;
         207: datao = 8'h00;
         208: datao = 8'h00;
         209: datao = 8'h00;
         210: datao = 8'h00;
         211: datao = 8'h00;
         212: datao = 8'h00;
         213: datao = 8'h00;
         214: datao = 8'h00;
         215: datao = 8'h00;
         216: datao = 8'h00;
         217: datao = 8'h00;
         218: datao = 8'h00;
         219: datao = 8'h00;
         220: datao = 8'h00;
         221: datao = 8'h00;
         222: datao = 8'h00;
         223: datao = 8'h00;
         224: datao = 8'h00;
         225: datao = 8'h00;
         226: datao = 8'h00;
         227: datao = 8'h00;
         228: datao = 8'h00;
         229: datao = 8'h00;
         230: datao = 8'h00;
         231: datao = 8'h00;
         232: datao = 8'h00;
         233: datao = 8'h00;
         234: datao = 8'h00;
         235: datao = 8'h00;
         236: datao = 8'h00;
         237: datao = 8'h00;
         238: datao = 8'h00;
         239: datao = 8'h00;
         240: datao = 8'h00;
         241: datao = 8'h00;
         242: datao = 8'h00;
         243: datao = 8'h00;
         244: datao = 8'h00;
         245: datao = 8'h00;
         246: datao = 8'h00;
         247: datao = 8'h00;
         248: datao = 8'h00;
         249: datao = 8'h00;
         250: datao = 8'h00;
         251: datao = 8'h00;
         252: datao = 8'h00;
         253: datao = 8'h00;
         254: datao = 8'h00;
         255: datao = 8'h00;
         256: datao = 8'hC9;
